  Determining projects to restore...
C:\Program Files\dotnet\sdk\8.0.421\NuGet.targets(174,5): warning : Unable to find a project to restore! [C:\Users\durga\practice\FinanceBillingAnalytics\FinanceBillingAnalytics.sln]

Build succeeded.

C:\Program Files\dotnet\sdk\8.0.421\NuGet.targets(174,5): warning : Unable to find a project to restore! [C:\Users\durga\practice\FinanceBillingAnalytics\FinanceBillingAnalytics.sln]
    1 Warning(s)
    0 Error(s)

Time Elapsed 00:00:00.54
